
> templjs@0.0.0 test /Users/macos/dev/templjs
> nx run-many -t test "src/packages/language-service/test/hover-range-remapping.test.ts"


 NX   Running target test for 9 projects:

- @templjs/language-service
- @templjs/language-server
- @templjs/context-graph
- @templjs/language-core
- @templjs/semantify
- vscode-templjs
- @templjs/volar
- @templjs/core
- @templjs/cli



> nx run @templjs/core:test  [existing outputs match the cache, left as is]

(node:18865) Warning: The 'NO_COLOR' env is ignored due to the 'FORCE_COLOR' env being set.
(Use `node --trace-warnings ...` to show where the warning was created)
(node:18868) Warning: The 'NO_COLOR' env is ignored due to the 'FORCE_COLOR' env being set.
(Use `node --trace-warnings ...` to show where the warning was created)

> @templjs/core@0.1.0 test /Users/macos/dev/templjs/src/packages/core
> pnpm exec tsx ../../../scripts/ci/run-vitest-watchdog.ts --config vitest.config.ts

(node:18884) Warning: The 'NO_COLOR' env is ignored due to the 'FORCE_COLOR' env being set.
(Use `node --trace-warnings ...` to show where the warning was created)
(node:18923) Warning: The 'NO_COLOR' env is ignored due to the 'FORCE_COLOR' env being set.
(Use `node --trace-warnings ...` to show where the warning was created)
(node:18940) Warning: The 'NO_COLOR' env is ignored due to the 'FORCE_COLOR' env being set.
(Use `node --trace-warnings ...` to show where the warning was created)
(node:18940) Warning: The 'NO_COLOR' env is ignored due to the 'FORCE_COLOR' env being set.
(Use `node --trace-warnings ...` to show where the warning was created)
(node:18976) Warning: The 'NO_COLOR' env is ignored due to the 'FORCE_COLOR' env being set.
(Use `node --trace-warnings ...` to show where the warning was created)
(node:18988) Warning: The 'NO_COLOR' env is ignored due to the 'FORCE_COLOR' env being set.
(Use `node --trace-warnings ...` to show where the warning was created)

 RUN  v4.0.18 /Users/macos/dev/templjs/src/packages/core

(node:19014) Warning: The 'NO_COLOR' env is ignored due to the 'FORCE_COLOR' env being set.
(Use `node --trace-warnings ...` to show where the warning was created)
(node:19013) Warning: The 'NO_COLOR' env is ignored due to the 'FORCE_COLOR' env being set.
(Use `node --trace-warnings ...` to show where the warning was created)
(node:19012) Warning: The 'NO_COLOR' env is ignored due to the 'FORCE_COLOR' env being set.
(Use `node --trace-warnings ...` to show where the warning was created)
(node:19020) Warning: The 'NO_COLOR' env is ignored due to the 'FORCE_COLOR' env being set.
(Use `node --trace-warnings ...` to show where the warning was created)
(node:19015) Warning: The 'NO_COLOR' env is ignored due to the 'FORCE_COLOR' env being set.
(Use `node --trace-warnings ...` to show where the warning was created)
(node:19016) Warning: The 'NO_COLOR' env is ignored due to the 'FORCE_COLOR' env being set.
(Use `node --trace-warnings ...` to show where the warning was created)
(node:19018) Warning: The 'NO_COLOR' env is ignored due to the 'FORCE_COLOR' env being set.
(Use `node --trace-warnings ...` to show where the warning was created)
(node:19017) Warning: The 'NO_COLOR' env is ignored due to the 'FORCE_COLOR' env being set.
(Use `node --trace-warnings ...` to show where the warning was created)
(node:19019) Warning: The 'NO_COLOR' env is ignored due to the 'FORCE_COLOR' env being set.
(Use `node --trace-warnings ...` to show where the warning was created)
····································································································································································································································································································································································································(node:19024) Warning: The 'NO_COLOR' env is ignored due to the 'FORCE_COLOR' env being set.
(Use `node --trace-warnings ...` to show where the warning was created)
(node:19026) Warning: The 'NO_COLOR' env is ignored due to the 'FORCE_COLOR' env being set.
(Use `node --trace-warnings ...` to show where the warning was created)
·······························································································································································(node:19027) Warning: The 'NO_COLOR' env is ignored due to the 'FORCE_COLOR' env being set.
(Use `node --trace-warnings ...` to show where the warning was created)
·······························································································································-····································································································································································································································(node:19028) Warning: The 'NO_COLOR' env is ignored due to the 'FORCE_COLOR' env being set.
(Use `node --trace-warnings ...` to show where the warning was created)
(node:19029) Warning: The 'NO_COLOR' env is ignored due to the 'FORCE_COLOR' env being set.
(Use `node --trace-warnings ...` to show where the warning was created)
·················································································(node:19030) Warning: The 'NO_COLOR' env is ignored due to the 'FORCE_COLOR' env being set.
(Use `node --trace-warnings ...` to show where the warning was created)
············································································································································(node:19031) Warning: The 'NO_COLOR' env is ignored due to the 'FORCE_COLOR' env being set.
(Use `node --trace-warnings ...` to show where the warning was created)
(node:19032) Warning: The 'NO_COLOR' env is ignored due to the 'FORCE_COLOR' env being set.
(Use `node --trace-warnings ...` to show where the warning was created)
····························(node:19034) Warning: The 'NO_COLOR' env is ignored due to the 'FORCE_COLOR' env being set.
(Use `node --trace-warnings ...` to show where the warning was created)
················(node:19033) Warning: The 'NO_COLOR' env is ignored due to the 'FORCE_COLOR' env being set.
(Use `node --trace-warnings ...` to show where the warning was created)
stderr | test/schema/SchemaValidator.test.ts > SchemaValidator metadata edge cases > infers array metadata when schema defines items without an explicit type
strict mode: missing type "array" for keyword "items" at "#/properties/list" (strictTypes)

(node:19036) Warning: The 'NO_COLOR' env is ignored due to the 'FORCE_COLOR' env being set.
(Use `node --trace-warnings ...` to show where the warning was created)
·····························································································································································································(node:19052) Warning: The 'NO_COLOR' env is ignored due to the 'FORCE_COLOR' env being set.
(Use `node --trace-warnings ...` to show where the warning was created)
···············································(node:19053) Warning: The 'NO_COLOR' env is ignored due to the 'FORCE_COLOR' env being set.
(Use `node --trace-warnings ...` to show where the warning was created)
(node:19055) Warning: The 'NO_COLOR' env is ignored due to the 'FORCE_COLOR' env being set.
(Use `node --trace-warnings ...` to show where the warning was created)
(node:19054) Warning: The 'NO_COLOR' env is ignored due to the 'FORCE_COLOR' env being set.
(Use `node --trace-warnings ...` to show where the warning was created)
(node:19056) Warning: The 'NO_COLOR' env is ignored due to the 'FORCE_COLOR' env being set.
(Use `node --trace-warnings ...` to show where the warning was created)
········································(node:19058) Warning: The 'NO_COLOR' env is ignored due to the 'FORCE_COLOR' env being set.
(Use `node --trace-warnings ...` to show where the warning was created)
(node:19059) Warning: The 'NO_COLOR' env is ignored due to the 'FORCE_COLOR' env being set.
(Use `node --trace-warnings ...` to show where the warning was created)
············(node:19060) Warning: The 'NO_COLOR' env is ignored due to the 'FORCE_COLOR' env being set.
(Use `node --trace-warnings ...` to show where the warning was created)
···································(node:19061) Warning: The 'NO_COLOR' env is ignored due to the 'FORCE_COLOR' env being set.
(Use `node --trace-warnings ...` to show where the warning was created)
(node:19062) Warning: The 'NO_COLOR' env is ignored due to the 'FORCE_COLOR' env being set.
(Use `node --trace-warnings ...` to show where the warning was created)
··············(node:19063) Warning: The 'NO_COLOR' env is ignored due to the 'FORCE_COLOR' env being set.
(Use `node --trace-warnings ...` to show where the warning was created)
stderr | test/schema/SchemaValidator.test.ts > Integration Tests > Metadata Extraction Edge Cases > should preserve object metadata from combinator branches without an explicit type
strict mode: missing type "object" for keyword "properties" at "#/properties/profile/anyOf/1" (strictTypes)

···(node:19064) Warning: The 'NO_COLOR' env is ignored due to the 'FORCE_COLOR' env being set.
(Use `node --trace-warnings ...` to show where the warning was created)
······················

 Test Files  32 passed (32)
      Tests  1529 passed | 1 skipped (1530)
   Start at  13:33:15
   Duration  1.25s (transform 3.22s, setup 0ms, import 4.66s, tests 1.52s, environment 2ms)


> nx run @templjs/context-graph:test  [existing outputs match the cache, left as is]

(node:18866) Warning: The 'NO_COLOR' env is ignored due to the 'FORCE_COLOR' env being set.
(Use `node --trace-warnings ...` to show where the warning was created)
(node:18869) Warning: The 'NO_COLOR' env is ignored due to the 'FORCE_COLOR' env being set.
(Use `node --trace-warnings ...` to show where the warning was created)

> @templjs/context-graph@0.1.0 test /Users/macos/dev/templjs/src/packages/context-graph
> pnpm exec tsx ../../../scripts/ci/run-vitest-watchdog.ts --config vitest.config.ts

(node:18898) Warning: The 'NO_COLOR' env is ignored due to the 'FORCE_COLOR' env being set.
(Use `node --trace-warnings ...` to show where the warning was created)
(node:18915) Warning: The 'NO_COLOR' env is ignored due to the 'FORCE_COLOR' env being set.
(Use `node --trace-warnings ...` to show where the warning was created)
(node:18941) Warning: The 'NO_COLOR' env is ignored due to the 'FORCE_COLOR' env being set.
(Use `node --trace-warnings ...` to show where the warning was created)
(node:18941) Warning: The 'NO_COLOR' env is ignored due to the 'FORCE_COLOR' env being set.
(Use `node --trace-warnings ...` to show where the warning was created)
(node:18977) Warning: The 'NO_COLOR' env is ignored due to the 'FORCE_COLOR' env being set.
(Use `node --trace-warnings ...` to show where the warning was created)
(node:18979) Warning: The 'NO_COLOR' env is ignored due to the 'FORCE_COLOR' env being set.
(Use `node --trace-warnings ...` to show where the warning was created)

 RUN  v4.0.18 /Users/macos/dev/templjs/src/packages/context-graph

(node:19006) Warning: The 'NO_COLOR' env is ignored due to the 'FORCE_COLOR' env being set.
(Use `node --trace-warnings ...` to show where the warning was created)
(node:19008) Warning: The 'NO_COLOR' env is ignored due to the 'FORCE_COLOR' env being set.
(Use `node --trace-warnings ...` to show where the warning was created)
······················

 Test Files  2 passed (2)
      Tests  22 passed (22)
   Start at  13:33:15
   Duration  263ms (transform 104ms, setup 0ms, import 137ms, tests 17ms, environment 0ms)


> nx run @templjs/semantify:test  [existing outputs match the cache, left as is]


> @templjs/semantify@0.1.0 test /Users/macos/dev/templjs/src/packages/semantify
> pnpm exec tsx ../../../scripts/ci/run-vitest-watchdog.ts --config vitest.config.ts


[1m[46m RUN [49m[22m [36mv4.0.18 [39m[90m/Users/macos/dev/templjs/src/packages/semantify[39m

[33m[39m[32m·[39m[33m[39m[32m·[39m[33m[39m[32m·[39m[33m[39m[32m·[39m[33m[39m[32m·[39m[33m[39m[32m·[39m[33m[39m[32m·[39m[33m[39m[32m·[39m[33m[39m[32m·[39m[33m[39m[32m·[39m[33m[39m[32m·[39m[33m[39m[32m·[39m[33m[39m[32m·[39m[33m[39m[32m·[39m[33m[39m[32m·[39m[33m[39m[32m·[39m[33m[39m[32m·[39m[33m[39m[32m·[39m[33m[39m[32m·[39m[33m[39m[32m·[39m[33m[39m[32m·[39m[33m[39m[32m·[39m[33m[39m[32m·[39m[33m[39m[32m·[39m[33m[39m[32m·[39m[33m[39m[32m·[39m[33m[39m[32m·[39m[33m[39m[32m·[39m[33m[39m[32m·[39m[33m[39m[32m·[39m[33m[39m[32m·[39m

[2m Test Files [22m [1m[32m4 passed[39m[22m[90m (4)[39m
[2m      Tests [22m [1m[32m31 passed[39m[22m[90m (31)[39m
[2m   Start at [22m 15:55:09
[2m   Duration [22m 766ms[2m (transform 1.33s, setup 0ms, import 1.73s, tests 63ms, environment 0ms)[22m


> nx run @templjs/volar:test  [existing outputs match the cache, left as is]


> @templjs/volar@0.1.0 test /Users/macos/dev/templjs/src/packages/volar
> pnpm exec tsx ../../../scripts/ci/run-vitest-watchdog.ts --config vitest.config.ts


[1m[46m RUN [49m[22m [36mv4.0.18 [39m[90m/Users/macos/dev/templjs/src/packages/volar[39m

[33m[39m[32m·[39m[33m[39m[32m·[39m[33m[39m[32m·[39m[33m[39m[32m·[39m[33m[39m[32m·[39m[33m[39m[32m·[39m[33m[39m[32m·[39m[33m[39m[32m·[39m[33m[39m[32m·[39m[33m[39m[32m·[39m[33m[39m[32m·[39m[33m[39m[32m·[39m[33m[39m[32m·[39m[33m[39m[32m·[39m[33m[39m[32m·[39m[33m[39m[32m·[39m[33m[39m[32m·[39m[33m[39m[32m·[39m[33m[39m[32m·[39m[33m[39m[32m·[39m[33m[39m[32m·[39m[33m[39m[32m·[39m[33m[39m[32m·[39m[33m[39m[32m·[39m[33m[39m[32m·[39m[33m[39m[32m·[39m[33m[39m[32m·[39m[33m[39m[32m·[39m[33m[39m[32m·[39m[33m[39m[32m·[39m[33m[39m[32m·[39m[33m[39m[32m·[39m[33m[39m[32m·[39m[33m[39m[32m·[39m[33m[39m[32m·[39m[33m[39m[32m·[39m[33m[39m[32m·[39m[33m[39m[32m·[39m[33m[39m[32m·[39m[33m[39m[32m·[39m[33m[39m[32m·[39m[33m[39m[32m·[39m[33m[39m[32m·[39m[33m[39m[32m·[39m[33m[39m[32m·[39m[33m[39m[32m·[39m[33m[39m[32m·[39m[33m[39m[32m·[39m[33m[39m[32m·[39m[33m[39m[32m·[39m[33m[39m[32m·[39m[33m[39m[32m·[39m[33m[39m[32m·[39m[33m[39m[32m·[39m[33m[39m[32m·[39m[33m[39m[32m·[39m[33m[39m[32m·[39m[33m[39m[32m·[39m[33m[39m[32m·[39m[33m[39m[32m·[39m[33m[39m[32m·[39m[33m[39m[32m·[39m[33m[39m[32m·[39m[33m[39m[32m·[39m[33m[39m[32m·[39m[33m[39m[32m·[39m[33m[39m[32m·[39m[33m[39m[32m·[39m[33m[39m[32m·[39m[33m[39m[32m·[39m[33m[39m[32m·[39m[33m[39m[32m·[39m[33m[39m[32m·[39m[33m[39m[32m·[39m[33m[39m[32m·[39m[33m[39m[32m·[39m[33m[39m[32m·[39m[33m[39m[32m·[39m[33m[39m[32m·[39m[33m[39m[32m·[39m[33m[39m[32m·[39m[33m[39m[32m·[39m[33m[39m[32m·[39m[33m[39m[32m·[39m[33m[39m[32m·[39m[33m[39m[32m·[39m[33m[39m[32m·[39m[33m[39m[32m·[39m[33m[39m[32m·[39m[33m[39m[32m·[39m[33m[39m[32m·[39m[33m[39m[32m·[39m[33m[39m[32m·[39m[33m[39m[32m·[39m[33m[39m[32m·[39m[33m[39m[32m·[39m[33m[39m[32m·[39m[33m[39m[32m·[39m[33m[39m[32m·[39m[33m[39m[32m·[39m[33m[39m[32m·[39m[33m[39m[32m·[39m[33m[39m[32m·[39m[33m[39m[32m·[39m[33m[39m[32m·[39m[33m[39m[32m·[39m[33m[39m[32m·[39m[33m[39m[32m·[39m[33m[39m[32m·[39m[33m[39m[32m·[39m[33m[39m[32m·[39m[33m[39m[32m·[39m[33m[39m[32m·[39m[33m[39m[32m·[39m[33m[39m[32m·[39m[33m[39m[32m·[39m[33m[39m[32m·[39m[33m[39m[32m·[39m[33m[39m[32m·[39m[33m[39m[32m·[39m[33m[39m[32m·[39m[33m[39m[32m·[39m[33m[39m[32m·[39m[33m[39m[32m·[39m[33m[39m[32m·[39m[33m[39m[32m·[39m[33m[39m[32m·[39m[33m[39m[32m·[39m[33m[39m[32m·[39m[33m[39m[32m·[39m[33m[39m[32m·[39m[33m[39m[32m·[39m[33m[39m[32m·[39m[33m[39m[32m·[39m[33m[39m[32m·[39m[33m[39m[32m·[39m[33m[39m[32m·[39m[33m[39m[32m·[39m[33m[39m[32m·[39m[33m[39m[32m·[39m[33m[39m[32m·[39m[33m[39m[32m·[39m[33m[39m[32m·[39m[33m[39m[32m·[39m[33m[39m[32m·[39m[33m[39m[32m·[39m[33m[39m[32m·[39m[33m[39m[32m·[39m[33m[39m[32m·[39m[33m[39m[32m·[39m[33m[39m[32m·[39m[33m[39m[32m·[39m[33m[39m[32m·[39m[33m[39m[32m·[39m[33m[39m[32m·[39m[33m[39m[32m·[39m[33m[39m[32m·[39m[33m[39m[32m·[39m[33m[39m[32m·[39m[33m[39m[32m·[39m[33m[39m[32m·[39m[33m[39m[32m·[39m[33m[39m[32m·[39m[33m[39m[32m·[39m[33m[39m[32m·[39m[33m[39m[32m·[39m[33m[39m[32m·[39m[33m[39m[32m·[39m[33m[39m[32m·[39m[33m[39m[32m·[39m[33m[39m[32m·[39m[33m[39m[32m·[39m[33m[39m[32m·[39m[33m[39m[32m·[39m[33m[39m[32m·[39m[33m[39m[32m·[39m[33m[39m[32m·[39m[33m[39m[32m·[39m[33m[39m[32m·[39m[33m[39m[32m·[39m[33m[39m[32m·[39m[33m[39m[32m·[39m[33m[39m[32m·[39m[33m[39m[32m·[39m[33m[39m[32m·[39m[33m[39m[32m·[39m[33m[39m[32m·[39m[33m[39m[32m·[39m[33m[39m[32m·[39m[33m[39m[32m·[39m[33m[39m[32m·[39m[33m[39m[32m·[39m[33m[39m[32m·[39m[33m[39m[32m·[39m[33m[39m[32m·[39m[33m[39m[32m·[39m[33m[39m[32m·[39m[33m[39m[32m·[39m[33m[39m[32m·[39m[33m[39m[32m·[39m[33m[39m[32m·[39m[33m[39m[32m·[39m[33m[39m[32m·[39m[33m[39m[32m·[39m[33m[39m[32m·[39m[33m[39m[32m·[39m[33m[39m[32m·[39m[33m[39m[32m·[39m[33m[39m[32m·[39m[33m[39m[32m·[39m[33m[39m[32m·[39m[33m[39m[32m·[39m[33m[39m[32m·[39m[33m[39m[32m·[39m[33m[39m[32m·[39m[33m[39m[32m·[39m[33m[39m[32m·[39m[33m[39m[32m·[39m[33m[39m[32m·[39m[33m[39m[32m·[39m[33m[39m[32m·[39m[33m[39m[32m·[39m[33m[39m[32m·[39m[33m[39m[32m·[39m[33m[39m[32m·[39m[33m[39m[32m·[39m[33m[39m[32m·[39m[33m[39m[32m·[39m[33m[39m[32m·[39m[33m[39m[32m·[39m[33m[39m[32m·[39m[33m[39m[32m·[39m[33m[39m[32m·[39m[33m[39m[32m·[39m[33m[39m[32m·[39m[33m[39m[32m·[39m[33m[39m[32m·[39m[33m[39m[32m·[39m[33m[39m[32m·[39m[33m[39m[32m·[39m[33m[39m[32m·[39m[33m[39m[32m·[39m[33m[39m[32m·[39m[33m[39m[32m·[39m[33m[39m[32m·[39m[33m[39m[32m·[39m[33m[39m[32m·[39m[33m[39m[32m·[39m[33m[39m[32m·[39m[33m[39m[32m·[39m[33m[39m[32m·[39m[33m[39m[32m·[39m[33m[39m[32m·[39m[33m[39m[32m·[39m[33m[39m[32m·[39m[33m[39m[32m·[39m[33m[39m[32m·[39m[33m[39m[32m·[39m[33m[39m[32m·[39m[33m[39m[32m·[39m[33m[39m[32m·[39m[33m[39m[32m·[39m[33m[39m[32m·[39m[33m[39m[32m·[39m[33m[39m[32m·[39m[33m[39m[32m·[39m[33m[39m[32m·[39m[33m[39m[32m·[39m[33m[39m[32m·[39m[33m[39m[32m·[39m[33m[39m[32m·[39m[33m[39m[32m·[39m[33m[39m[32m·[39m[33m[39m[32m·[39m[33m[39m[32m·[39m[33m[39m[32m·[39m[33m[39m[32m·[39m[33m[39m[32m·[39m[33m[39m[32m·[39m[33m[39m[32m·[39m[33m[39m[32m·[39m[33m[39m[32m·[39m[33m[39m[32m·[39m[33m[39m[32m·[39m[33m[39m[32m·[39m[33m[39m[32m·[39m[33m[39m[32m·[39m[33m[39m[32m·[39m[33m[39m[32m·[39m[33m[39m[32m·[39m[33m[39m[32m·[39m[33m[39m[32m·[39m[33m[39m[32m·[39m[33m[39m[32m·[39m[33m[39m[32m·[39m[33m[39m[32m·[39m[33m[39m[32m·[39m[33m[39m[32m·[39m[33m[39m[32m·[39m[33m[39m[32m·[39m[33m[39m[32m·[39m[33m[39m[32m·[39m[33m[39m[32m·[39m[33m[39m[32m·[39m[33m[39m[32m·[39m[33m[39m[32m·[39m[33m[39m[32m·[39m[33m[39m[32m·[39m[33m[39m[32m·[39m[33m[39m[32m·[39m[33m[39m[32m·[39m[33m[39m[32m·[39m[33m[39m[32m·[39m[33m[39m[32m·[39m[33m[39m[32m·[39m[33m[39m[32m·[39m[33m[39m[32m·[39m[33m[39m[32m·[39m[33m[39m[32m·[39m[33m[39m[32m·[39m[33m[39m[32m·[39m[33m[39m[32m·[39m[33m[39m[32m·[39m[33m[39m[32m·[39m[33m[39m[32m·[39m[33m[39m[32m·[39m[33m[39m[32m·[39m[33m[39m[32m·[39m[33m[39m[32m·[39m[33m[39m[32m·[39m[33m[39m[32m·[39m[33m[39m[32m·[39m[33m[39m[32m·[39m[33m[39m[32m·[39m[33m[39m[32m·[39m[33m[39m[32m·[39m[33m[39m[32m·[39m[33m[39m[32m·[39m[33m[39m[32m·[39m[33m[39m[32m·[39m[33m[39m[32m·[39m[33m[39m[32m·[39m[33m[39m[32m·[39m[33m[39m[32m·[39m[33m[39m[32m·[39m[33m[39m[32m·[39m[33m[39m[32m·[39m[33m[39m[32m·[39m[33m[39m[32m·[39m[33m[39m[32m·[39m[33m[39m[32m·[39m[33m[39m[32m·[39m[33m[39m[32m·[39m[33m[39m[32m·[39m[33m[39m[32m·[39m[33m[39m[32m·[39m[33m[39m[32m·[39m[33m[39m[32m·[39m[33m[39m[32m·[39m[33m[39m[32m·[39m[33m[39m[32m·[39m[33m[39m[32m·[39m[33m[39m[32m·[39m[33m[39m[32m·[39m[33m[39m[32m·[39m[33m[39m[32m·[39m[33m[39m[32m·[39m[33m[39m[32m·[39m[33m[39m[32m·[39m[33m[39m[32m·[39m[33m[39m[32m·[39m[33m[39m[32m·[39m[33m[39m[32m·[39m[33m[39m[32m·[39m[33m[39m[32m·[39m[33m[39m[32m·[39m[33m[39m[32m·[39m[33m[39m[32m·[39m[33m[39m[32m·[39m[33m[39m[32m·[39m[33m[39m[32m·[39m[33m[39m[32m·[39m[33m[39m[32m·[39m[33m[39m[32m·[39m[33m[39m[32m·[39m[33m[39m[32m·[39m[33m[39m[32m·[39m[33m[39m[32m·[39m[33m[39m[32m·[39m[33m[39m[32m·[39m[33m[39m[32m·[39m[33m[39m[32m·[39m[33m[39m[32m·[39m[33m[39m[32m·[39m[33m[39m[32m·[39m[33m[39m[32m·[39m[33m[39m[32m·[39m[33m[39m[32m·[39m[33m[39m[32m·[39m[33m[39m[32m·[39m[33m[39m[32m·[39m[33m[39m[32m·[39m[33m[39m[32m·[39m[33m[39m[32m·[39m[33m[39m[32m·[39m[33m[39m[32m·[39m[33m[39m[32m·[39m[33m[39m[32m·[39m[33m[39m[32m·[39m[33m[39m[32m·[39m[33m[39m[32m·[39m[33m[39m[32m·[39m[33m[39m[32m·[39m[33m[39m[32m·[39m[33m[39m[32m·[39m[33m[39m[32m·[39m[33m[39m[32m·[39m[33m[39m[32m·[39m[33m[39m[32m·[39m[33m[39m[32m·[39m[33m[39m[32m·[39m[33m[39m[32m·[39m[33m[39m[32m·[39m[33m[39m[32m·[39m[33m[39m[32m·[39m[33m[39m[32m·[39m[33m[39m[32m·[39m[33m[39m[32m·[39m[33m[39m[32m·[39m[33m[39m[32m·[39m[33m[39m[32m·[39m[33m[39m[32m·[39m[33m[39m[32m·[39m[33m[39m[32m·[39m[33m[39m[32m·[39m[33m[39m[32m·[39m[33m[39m[32m·[39m[33m[39m[32m·[39m[33m[39m[32m·[39m[33m[39m[32m·[39m[33m[39m[32m·[39m[33m[39m[32m·[39m[33m[39m[32m·[39m[33m[39m[32m·[39m[33m[39m[32m·[39m[33m[39m[32m·[39m[33m[39m[32m·[39m[33m[39m[32m·[39m[33m[39m[32m·[39m[33m[39m[32m·[39m[33m[39m[32m·[39m[33m[39m[32m·[39m[33m[39m[32m·[39m[33m[39m[32m·[39m[33m[39m[32m·[39m[33m[39m[32m·[39m[33m[39m[32m·[39m[33m[39m[32m·[39m[33m[39m[32m·[39m[33m[39m[32m·[39m[33m[39m[32m·[39m[33m[39m[32m·[39m[33m[39m[32m·[39m[33m[39m[32m·[39m[33m[39m[32m·[39m[33m[39m[32m·[39m[33m[39m[32m·[39m[33m[39m[32m·[39m[33m[39m[32m·[39m[33m[39m[32m·[39m[33m[39m[32m·[39m[33m[39m[32m·[39m[33m[39m[32m·[39m[33m[39m[32m·[39m[33m[39m[32m·[39m[33m[39m[32m·[39m[33m[39m[32m·[39m[33m[39m[32m·[39m[33m[39m[32m·[39m[33m[39m[32m·[39m[33m[39m[32m·[39m[33m[39m[32m·[39m[33m[39m[32m·[39m[33m[39m[32m·[39m[33m[39m[32m·[39m[33m[39m[32m·[39m[33m[39m[32m·[39m[33m[39m[32m·[39m[33m[39m[32m·[39m[33m[39m[32m·[39m[33m[39m[32m·[39m[33m[39m[32m·[39m[33m[39m[32m·[39m[33m[39m[32m·[39m[33m[39m[32m·[39m[33m[39m[32m·[39m[33m[39m[32m·[39m[33m[39m[32m·[39m[33m[39m[32m·[39m[33m[39m[32m·[39m[33m[39m[32m·[39m[33m[39m[32m·[39m[33m[39m[32m·[39m[33m[39m[32m·[39m[33m[39m[32m·[39m[33m[39m[32m·[39m[33m[39m[32m·[39m[33m[39m[32m·[39m[33m[39m[32m·[39m[33m[39m[32m·[39m[33m[39m[32m·[39m[33m[39m[32m·[39m[33m[39m[32m·[39m[33m[39m[32m·[39m[33m[39m[32m·[39m[33m[39m[32m·[39m[33m[39m[32m·[39m[33m[39m[32m·[39m[33m[39m[32m·[39m[33m[39m[32m·[39m[33m[39m[32m·[39m[33m[39m[32m·[39m[33m[39m[32m·[39m[33m[39m[32m·[39m[33m[39m[32m·[39m[33m[39m[32m·[39m[33m[39m[32m·[39m[33m[39m[32m·[39m[33m[39m[32m·[39m[33m[39m[32m·[39m[33m[39m[32m·[39m[33m[39m[32m·[39m[33m[39m[32m·[39m[33m[39m[32m·[39m[33m[39m[32m·[39m[33m[39m[32m·[39m[33m[39m[32m·[39m[33m[39m[32m·[39m[33m[39m[32m·[39m[33m[39m[32m·[39m[33m[39m[32m·[39m[33m[39m[32m·[39m[33m[39m[32m·[39m[33m[39m[32m·[39m[33m[39m[32m·[39m[33m[39m[32m·[39m[33m[39m[32m·[39m[33m[39m[32m·[39m[33m[39m[32m·[39m[33m[39m[32m·[39m[33m[39m[32m·[39m[33m[39m[32m·[39m[33m[39m[32m·[39m[33m[39m[32m·[39m[33m[39m[32m·[39m[33m[39m[32m·[39m[33m[39m[32m·[39m[33m[39m[32m·[39m[33m[39m[32m·[39m[33m[39m[32m·[39m[33m[39m[32m·[39m[33m[39m[32m·[39m[33m[39m[32m·[39m[33m[39m[32m·[39m[33m[39m[32m·[39m[33m[39m[32m·[39m[33m[39m[32m·[39m[33m[39m[32m·[39m[33m[39m[32m·[39m[33m[39m[32m·[39m[33m[39m[32m·[39m[33m[39m[32m·[39m[33m[39m[32m·[39m[33m[39m[32m·[39m[33m[39m[32m·[39m[33m[39m[32m·[39m[33m[39m[32m·[39m[33m[39m[32m·[39m[33m[39m[32m·[39m[33m[39m[32m·[39m[33m[39m[32m·[39m[33m[39m[32m·[39m[33m[39m[32m·[39m[33m[39m[32m·[39m

[2m Test Files [22m [1m[32m20 passed[39m[22m[90m (20)[39m
[2m      Tests [22m [1m[32m584 passed[39m[22m[90m (584)[39m
[2m   Start at [22m 15:55:09
[2m   Duration [22m 1.74s[2m (transform 4.22s, setup 0ms, import 6.63s, tests 3.26s, environment 2ms)[22m


> nx run @templjs/language-core:test  [existing outputs match the cache, left as is]


> @templjs/language-core@0.1.0 test /Users/macos/dev/templjs/src/packages/language-core
> pnpm exec tsx ../../../scripts/ci/run-vitest-watchdog.ts --config vitest.config.ts


[1m[46m RUN [49m[22m [36mv4.0.18 [39m[90m/Users/macos/dev/templjs/src/packages/language-core[39m

[33m[39m[32m·[39m[33m[39m[32m·[39m[33m[39m[32m·[39m

[2m Test Files [22m [1m[32m2 passed[39m[22m[90m (2)[39m
[2m      Tests [22m [1m[32m3 passed[39m[22m[90m (3)[39m
[2m   Start at [22m 15:55:12
[2m   Duration [22m 148ms[2m (transform 74ms, setup 0ms, import 65ms, tests 33ms, environment 0ms)[22m


> nx run @templjs/language-server:test  [existing outputs match the cache, left as is]


> @templjs/language-server@0.1.0 test /Users/macos/dev/templjs/src/packages/language-server
> pnpm exec tsx ../../../scripts/ci/run-vitest-watchdog.ts --config vitest.config.ts


[1m[46m RUN [49m[22m [36mv4.0.18 [39m[90m/Users/macos/dev/templjs/src/packages/language-server[39m

[33m[39m[32m·[39m[33m[39m[32m·[39m[33m[39m[32m·[39m[33m[39m[32m·[39m[33m[39m[32m·[39m[90mstderr[2m | test/server-bootstrap.test.ts[2m > [22m[2mlanguage-server-bootstrap[2m > [22m[2mwires lifecycle handlers and avoids legacy compatibility registrations
[22m[39m[templjs-server] Starting instantiation...
[templjs-server] Connection and server created

[90mstderr[2m | test/server-formatting-fallback.test.ts[2m > [22m[2mlanguage-server formatting fallback[2m > [22m[2minitializes successfully when the connection has no document formatting handler
[22m[39m[templjs-server] Starting instantiation...
[templjs-server] Connection and server created

[90mstderr[2m | test/server-inprocess.integration.test.ts[2m > [22m[2mlanguage-server-inprocess-authoring[2m > [22m[2msupports md/html/json completion, hover, and definition via delegated handlers
[22m[39m[templjs-server] Starting instantiation...
[templjs-server] Connection and server created

[33m[39m[32m·[39m[33m[39m[32m·[39m[90mstderr[2m | test/server-bootstrap.test.ts[2m > [22m[2mlanguage-server-bootstrap[2m > [22m[2mderives initialize rootUri from documentContext when rootUri is null
[22m[39m[templjs-server] Starting instantiation...
[templjs-server] Connection and server created

[33m[39m[32m·[39m[90mstderr[2m | test/server-bootstrap.test.ts[2m > [22m[2mlanguage-server-bootstrap[2m > [22m[2mleaves initialize rootUri undefined when the active document uri is invalid
[22m[39m[templjs-server] Starting instantiation...
[templjs-server] Connection and server created

[90mstderr[2m | test/server-bootstrap.test.ts[2m > [22m[2mlanguage-server-bootstrap[2m > [22m[2mleaves initialize rootUri null when the document uri causes URL parsing to throw
[22m[39m[templjs-server] Starting instantiation...
[templjs-server] Connection and server created

[90mstderr[2m | test/server-bootstrap.test.ts[2m > [22m[2mlanguage-server-bootstrap[2m > [22m[2muses derivedRootUri even when fileURLToPath throws for non-localhost host
[22m[39m[templjs-server] Starting instantiation...
[templjs-server] Connection and server created

[90mstderr[2m | test/server-bootstrap.test.ts[2m > [22m[2mlanguage-server-bootstrap[2m > [22m[2mregisters service and language plugin providers
[22m[39m[templjs-server] Starting instantiation...
[templjs-server] Connection and server created

[90mstderr[2m | test/server-bootstrap.test.ts[2m > [22m[2mlanguage-server-bootstrap[2m > [22m[2mpasses one server-wide schema cache to service plugins across initializations
[22m[39m[templjs-server] Starting instantiation...
[templjs-server] Connection and server created

[90mstderr[2m | test/server-inprocess.integration.test.ts[2m > [22m[2mlanguage-server-inprocess-authoring[2m > [22m[2msupports md/html/json/yaml formatting via delegated handlers
[22m[39m[templjs-server] Starting instantiation...
[templjs-server] Connection and server created

[90mstderr[2m | test/server-bootstrap.test.ts[2m > [22m[2mlanguage-server-bootstrap[2m > [22m[2muses workspaceFolders root when rootUri and documentContext are absent
[22m[39m[templjs-server] Starting instantiation...
[templjs-server] Connection and server created

[33m[39m[32m·[39m[90mstderr[2m | test/server-bootstrap.test.ts[2m > [22m[2mlanguage-server-bootstrap[2m > [22m[2madvertises capabilities and registers delegation handlers
[22m[39m[templjs-server] Starting instantiation...
[templjs-server] Connection and server created

[90mstderr[2m | test/server-bootstrap.test.ts[2m > [22m[2mlanguage-server-bootstrap[2m > [22m[2mpreserves existing server capabilities during initialize
[22m[39m[templjs-server] Starting instantiation...
[templjs-server] Connection and server created

[90mstderr[2m | test/server-bootstrap.test.ts[2m > [22m[2mlanguage-server-bootstrap[2m > [22m[2mskips formatting handler registration when the connection does not support it
[22m[39m[templjs-server] Starting instantiation...
[templjs-server] Connection and server created

[90mstderr[2m | test/server-bootstrap.test.ts[2m > [22m[2mauthoring transport delegation[2m > [22m[2mdelegates completion/hover/definition/format requests to language service
[22m[39m[templjs-server] Starting instantiation...
[templjs-server] Connection and server created

[90mstderr[2m | test/server-bootstrap.test.ts[2m > [22m[2misMdTemplateUri[2m > [22m[2mreturns true for markdown template uris
[22m[39m[templjs-server] Starting instantiation...
[templjs-server] Connection and server created

[90mstderr[2m | test/server-bootstrap.test.ts[2m > [22m[2misMdTemplateUri[2m > [22m[2mreturns false for non-markdown template uris
[22m[39m[templjs-server] Starting instantiation...
[templjs-server] Connection and server created

[90mstderr[2m | test/server-bootstrap.test.ts[2m > [22m[2mserverTesting helpers[2m > [22m[2mclassifies schema-like uris and yaml templated uris
[22m[39m[templjs-server] Starting instantiation...
[templjs-server] Connection and server created

[90mstderr[2m | test/server-bootstrap.test.ts[2m > [22m[2mserverTesting helpers[2m > [22m[2mcollects delegated host diagnostics from language service and handles failures
[22m[39m[templjs-server] Starting instantiation...
[templjs-server] Connection and server created

[90mstderr[2m | test/server-bootstrap.test.ts[2m > [22m[2mserverTesting helpers[2m > [22m[2mtraces yaml diagnostics without virtual map helpers and stringifies non-Error failures
[22m[39m[templjs-server] Starting instantiation...
[templjs-server] Connection and server created

[90mstderr[2m | test/server-bootstrap.test.ts[2m > [22m[2mserverTesting helpers[2m > [22m[2mdoes not re-listen once the server was started and exposes runtime setters
[22m[39m[templjs-server] Starting instantiation...
[templjs-server] Connection and server created

[33m[39m[32m·[39m[33m[39m[32m·[39m[33m[39m[32m·[39m[33m[39m[32m·[39m[33m[39m[32m·[39m[33m[39m[32m·[39m[33m[39m[32m·[39m[33m[39m[32m·[39m[33m[39m[32m·[39m[33m[39m[32m·[39m[33m[39m[32m·[39m[33m[39m[32m·[39m[33m[39m[32m·[39m[33m[39m[32m·[39m[33m[39m[32m·[39m[33m[39m[32m·[39m[33m[39m[32m·[39m

[2m Test Files [22m [1m[32m4 passed[39m[22m[90m (4)[39m
[2m      Tests [22m [1m[32m26 passed[39m[22m[90m (26)[39m
[2m   Start at [22m 15:55:12
[2m   Duration [22m 1.29s[2m (transform 2.23s, setup 0ms, import 267ms, tests 3.38s, environment 0ms)[22m


> nx run vscode-templjs:test  [existing outputs match the cache, left as is]


> vscode-templjs@0.1.0 test /Users/macos/dev/templjs/src/extensions/vscode
> pnpm exec tsx ../../../scripts/ci/run-vitest-watchdog.ts --config vitest.config.ts


[1m[46m RUN [49m[22m [36mv4.0.18 [39m[90m/Users/macos/dev/templjs/src/extensions/vscode[39m

[33m[39m[32m·[39m[33m[39m[32m·[39m[33m[39m[32m·[39m[33m[39m[32m·[39m[33m[39m[32m·[39m[33m[39m[32m·[39m[33m[39m[32m·[39m[33m[39m[32m·[39m[33m[39m[32m·[39m[33m[39m[32m·[39m[33m[39m[32m·[39m[33m[39m[32m·[39m[33m[39m[32m·[39m[33m[39m[32m·[39m[33m[39m[32m·[39m[33m[39m[32m·[39m[33m[39m[32m·[39m[33m[39m[32m·[39m[33m[39m[32m·[39m[33m[39m[32m·[39m[33m[39m[32m·[39m[33m[39m[32m·[39m[33m[39m[32m·[39m[33m[39m[32m·[39m[33m[39m[32m·[39m[90mstdout[2m | test/extension.test.ts[2m > [22m[2mextension-activation[2m > [22m[2mactivates extension and starts language client
[22m[39m[templjs] Extension activating...
[templjs] Language server initialized successfully

[33m[39m[32m·[39m[90mstderr[2m | test/server-inprocess.integration.test.ts[2m > [22m[2mlanguage-server-inprocess-authoring[2m > [22m[2msupports md/html/json completion, hover, and definition via delegated handlers
[22m[39m[templjs-server] Starting instantiation...
[templjs-server] Connection and server created

[90mstderr[2m | test/server.test.ts[2m > [22m[2mlanguage-server-bootstrap[2m > [22m[2mwires lifecycle handlers and avoids legacy compatibility registrations
[22m[39m[templjs-server] Starting instantiation...
[templjs-server] Connection and server created

[33m[39m[32m·[39m[33m[39m[32m·[39m[90mstderr[2m | test/server.test.ts[2m > [22m[2mlanguage-server-bootstrap[2m > [22m[2mderives initialize rootUri from documentContext when rootUri is null
[22m[39m[templjs-server] Starting instantiation...
[templjs-server] Connection and server created

[90mstdout[2m | test/extension.test.ts[2m > [22m[2mextension-activation[2m > [22m[2mexecutes test command callback
[22m[39m[templjs] Extension activating...
[templjs] Language server initialized successfully

[90mstderr[2m | test/server-inprocess.integration.test.ts[2m > [22m[2mlanguage-server-inprocess-authoring[2m > [22m[2msupports md/html/json/yaml formatting via delegated handlers
[22m[39m[templjs-server] Starting instantiation...
[templjs-server] Connection and server created

[33m[39m[32m·[39m[33m[39m[32m·[39m[33m[39m[32m·[39m[90mstderr[2m | test/server.test.ts[2m > [22m[2mlanguage-server-bootstrap[2m > [22m[2mregisters service and language plugin providers
[22m[39m[templjs-server] Starting instantiation...
[templjs-server] Connection and server created

[90mstdout[2m | test/extension.test.ts[2m > [22m[2mextension-activation[2m > [22m[2mcreates language client with templjs identifiers
[22m[39m[templjs] Extension activating...
[templjs] Language server initialized successfully

[90mstderr[2m | test/server-inprocess.integration.test.ts[2m > [22m[2mlanguage-server-inprocess-authoring[2m > [22m[2mforwards complex for-header hover and definition requests without local semantic parsing
[22m[39m[templjs-server] Starting instantiation...
[templjs-server] Connection and server created

[90mstderr[2m | test/server.test.ts[2m > [22m[2mlanguage-server-bootstrap[2m > [22m[2madvertises capabilities and registers delegation handlers
[22m[39m[templjs-server] Starting instantiation...
[templjs-server] Connection and server created

[90mstdout[2m | test/extension.test.ts[2m > [22m[2mextension-activation[2m > [22m[2muses CJS server module by default
[22m[39m[templjs] Extension activating...
[templjs] Language server initialized successfully

[33m[39m[32m·[39m[33m[39m[32m·[39m[90mstderr[2m | test/server.test.ts[2m > [22m[2mauthoring transport delegation[2m > [22m[2mdelegates completion/hover/definition/format requests to language service
[22m[39m[templjs-server] Starting instantiation...
[templjs-server] Connection and server created

[90mstdout[2m | test/extension.test.ts[2m > [22m[2mextension-activation[2m > [22m[2muses ESM server module when configured
[22m[39m[templjs] Extension activating...
[templjs] Language server initialized successfully

[33m[39m[32m·[39m[33m[39m[32m·[39m[33m[39m[32m·[39m[33m[39m[32m·[39m[33m[39m[32m·[39m[33m[39m[32m·[39m[33m[39m[32m·[39m[33m[39m[32m·[39m[33m[39m[32m·[39m[33m[39m[32m·[39m[33m[39m[32m·[39m[33m[39m[32m·[39m[33m[39m[32m·[39m[33m[39m[32m·[39m[33m[39m[32m·[39m[33m[39m[32m·[39m[33m[39m[32m·[39m[33m[39m[32m·[39m[33m[39m[32m·[39m[33m[39m[32m·[39m[33m[39m[32m·[39m[33m[39m[32m·[39m[33m[39m[32m·[39m[33m[39m[32m·[39m[33m[39m[32m·[39m[33m[39m[32m·[39m[90mstderr[2m | test/server.test.ts[2m > [22m[2misMdTemplateUri[2m > [22m[2mreturns true for markdown template uris
[22m[39m[templjs-server] Starting instantiation...
[templjs-server] Connection and server created

[90mstderr[2m | test/server.test.ts[2m > [22m[2misMdTemplateUri[2m > [22m[2mreturns false for non-markdown template uris
[22m[39m[templjs-server] Starting instantiation...
[templjs-server] Connection and server created

[90mstdout[2m | test/extension.test.ts[2m > [22m[2mextension-activation[2m > [22m[2mregisters all templjs document selectors
[22m[39m[templjs] Extension activating...
[templjs] Language server initialized successfully

[90mstderr[2m | test/server.test.ts[2m > [22m[2mserverTesting helpers[2m > [22m[2mclassifies schema-like uris and yaml templated uris
[22m[39m[templjs-server] Starting instantiation...
[templjs-server] Connection and server created

[90mstdout[2m | test/extension.test.ts[2m > [22m[2mextension-activation[2m > [22m[2mcreates watcher with templated file glob
[22m[39m[templjs] Extension activating...
[templjs] Language server initialized successfully

[90mstderr[2m | test/server.test.ts[2m > [22m[2mserverTesting helpers[2m > [22m[2mcollects delegated host diagnostics from language service and handles failures
[22m[39m[templjs-server] Starting instantiation...
[templjs-server] Connection and server created

[90mstdout[2m | test/extension.test.ts[2m > [22m[2mextension-activation[2m > [22m[2mcreates a templjs output channel for language server logs
[22m[39m[templjs] Extension activating...
[templjs] Language server initialized successfully

[90mstderr[2m | test/server.test.ts[2m > [22m[2mserverTesting helpers[2m > [22m[2mdoes not re-listen once the server was started
[22m[39m[templjs-server] Starting instantiation...
[templjs-server] Connection and server created

[33m[39m[32m·[39m[33m[39m[32m·[39m[33m[39m[32m·[39m[33m[39m[32m·[39m[33m[39m[32m·[39m[33m[39m[32m·[39m[33m[39m[32m·[39m[33m[39m[32m·[39m[33m[39m[32m·[39m[90mstdout[2m | test/extension.test.ts[2m > [22m[2mextension-activation[2m > [22m[2mpasses TypeScript SDK initialization options to the language client
[22m[39m[templjs] Extension activating...
[templjs] Language server initialized successfully

[90mstdout[2m | test/extension.test.ts[2m > [22m[2mextension-activation[2m > [22m[2menables json host adapter runtime when vscode json language features is installed
[22m[39m[templjs] Extension activating...
[templjs] Language server initialized successfully

[90mstdout[2m | test/extension.test.ts[2m > [22m[2mextension-activation[2m > [22m[2menables html host adapter runtime when vscode html language features is installed
[22m[39m[templjs] Extension activating...
[templjs] Language server initialized successfully

[90mstdout[2m | test/extension.test.ts[2m > [22m[2mextension-activation[2m > [22m[2mreports activation errors when language server initialization fails
[22m[39m[templjs] Extension activating...

[90mstderr[2m | test/extension.test.ts[2m > [22m[2mextension-activation[2m > [22m[2mreports activation errors when language server initialization fails
[22m[39m[templjs] Failed to initialize language server: Error: broken path resolution
    at Object.asAbsolutePath [90m(/Users/macos/dev/templjs/src/extensions/vscode/[39mtest/extension.test.ts:533:15[90m)[39m
    at initializeLanguageServer [90m(/Users/macos/dev/templjs/src/extensions/vscode/[39msrc/extension.ts:377:32[90m)[39m
    at Module.activate [90m(/Users/macos/dev/templjs/src/extensions/vscode/[39msrc/extension.ts:311:5[90m)[39m
    at [90m/Users/macos/dev/templjs/src/extensions/vscode/[39mtest/extension.test.ts:538:12
[90m    at processTicksAndRejections (node:internal/process/task_queues:104:5)[39m
    at file:///Users/macos/dev/templjs/node_modules/[4m.pnpm[24m/@vitest+runner@4.0.18/node_modules/[4m@vitest/runner[24m/dist/index.js:915:20

[90mstdout[2m | test/extension.test.ts[2m > [22m[2mextension-activation[2m > [22m[2mhandles activation when TypeScript SDK is resolvable
[22m[39m[templjs] Extension activating...
[templjs] Language server initialized successfully

[90mstdout[2m | test/extension.test.ts[2m > [22m[2mextension-activation[2m > [22m[2momits schemaPath when templjs.schemaPath is blank
[22m[39m[templjs] Extension activating...
[templjs] Language server initialized successfully

[90mstdout[2m | test/extension.test.ts[2m > [22m[2mextension-activation[2m > [22m[2mpushes command and language client into extension subscriptions
[22m[39m[templjs] Extension activating...
[templjs] Language server initialized successfully

[90mstdout[2m | test/extension.test.ts[2m > [22m[2mextension-activation[2m > [22m[2mdeactivates and stops language client when active
[22m[39m[templjs] Extension activating...
[templjs] Language server initialized successfully
[templjs] Extension deactivating...

[90mstdout[2m | test/extension.test.ts[2m > [22m[2mextension-activation[2m > [22m[2momits active document context for non-file editors
[22m[39m[templjs] Extension activating...
[templjs] Language server initialized successfully

[90mstdout[2m | test/extension.test.ts[2m > [22m[2mextension-activation[2m > [22m[2mreports language client startup failures from the unawaited start promise
[22m[39m[templjs] Extension activating...
[templjs] Language server initialized successfully

[90mstderr[2m | test/extension.test.ts[2m > [22m[2mextension-activation[2m > [22m[2mreports language client startup failures from the unawaited start promise
[22m[39m[templjs] Language client start failed: Error: startup exploded
    at Object.<anonymous> [90m(/Users/macos/dev/templjs/src/extensions/vscode/[39mtest/extension.test.ts:689:55[90m)[39m
    at Object.Mock [as start] (file:///Users/macos/dev/templjs/node_modules/[4m.pnpm[24m/@vitest+spy@4.0.18/node_modules/[4m@vitest/spy[24m/dist/index.js:285:34)
    at initializeLanguageServer [90m(/Users/macos/dev/templjs/src/extensions/vscode/[39msrc/extension.ts:552:23[90m)[39m
    at Module.activate [90m(/Users/macos/dev/templjs/src/extensions/vscode/[39msrc/extension.ts:311:5[90m)[39m
    at [90m/Users/macos/dev/templjs/src/extensions/vscode/[39mtest/extension.test.ts:696:12
[90m    at processTicksAndRejections (node:internal/process/task_queues:104:5)[39m
    at file:///Users/macos/dev/templjs/node_modules/[4m.pnpm[24m/@vitest+runner@4.0.18/node_modules/[4m@vitest/runner[24m/dist/index.js:915:20

[90mstdout[2m | test/extension.test.ts[2m > [22m[2mextension-activation[2m > [22m[2mtraces middleware activity for completion, hover, and definition in verbose mode
[22m[39m[templjs] Extension activating...
[templjs] Language server initialized successfully

[90mstdout[2m | test/extension.test.ts[2m > [22m[2mextension-activation[2m > [22m[2mlimits tracing to message-level output when configured for messages
[22m[39m[templjs] Extension activating...
[templjs] Language server initialized successfully

[90mstdout[2m | test/extension.test.ts[2m > [22m[2mextension-activation[2m > [22m[2mhandles middleware edge cases for non-standard completion/hover/definition payloads
[22m[39m[templjs] Extension activating...
[templjs] Language server initialized successfully

[90mstdout[2m | test/extension.test.ts[2m > [22m[2mextension-activation[2m > [22m[2msuppresses middleware trace logs when trace.server is off
[22m[39m[templjs] Extension activating...
[templjs] Language server initialized successfully

[90mstdout[2m | test/extension.test.ts[2m > [22m[2mextension-activation[2m > [22m[2mtraces active editor changes only when an editor is provided
[22m[39m[templjs] Extension activating...
[templjs] Language server initialized successfully

[33m[39m[32m·[39m[33m[39m[32m·[39m[33m[39m[32m·[39m[33m[39m[32m·[39m[33m[39m[32m·[39m[33m[39m[32m·[39m[33m[39m[32m·[39m[33m[39m[32m·[39m[33m[39m[32m·[39m[33m[39m[32m·[39m[33m[39m[32m·[39m[33m[39m[32m·[39m[33m[39m[32m·[39m[33m[39m[32m·[39m[33m[39m[32m·[39m[33m[39m[32m·[39m[33m[39m[32m·[39m[33m[39m[32m·[39m[33m[39m[32m·[39m[33m[39m[32m·[39m[33m[39m[32m·[39m[33m[39m[32m·[39m[33m[39m[32m·[39m[33m[39m[32m·[39m[33m[39m[32m·[39m[33m[39m[32m·[39m[33m[39m[32m·[39m[33m[39m[32m·[39m[33m[39m[32m·[39m[33m[39m[32m·[39m[33m[39m[32m·[39m[33m[39m[32m·[39m[33m[39m[32m·[39m[33m[39m[32m·[39m[33m[39m[32m·[39m[33m[39m[32m·[39m[33m[39m[32m·[39m[33m[39m[32m·[39m[33m[39m[32m·[39m[33m[39m[32m·[39m[33m[39m[32m·[39m[33m[39m[32m·[39m[33m[39m[32m·[39m[90mstdout[2m | test/extension.test.ts[2m > [22m[2mextension-activation[2m > [22m[2mregisters synchronize file watchers for templates and schema files
[22m[39m[templjs] Extension activating...
[templjs] Language server initialized successfully

[90mstdout[2m | test/extension.test.ts[2m > [22m[2mextension-activation[2m > [22m[2mdoes not emit custom watcher notifications after deactivation
[22m[39m[templjs] Extension activating...
[templjs] Language server initialized successfully
[templjs] Extension deactivating...

[33m[39m[32m·[39m[33m[39m[32m·[39m[33m[39m[32m·[39m[33m[39m[32m·[39m[33m[39m[32m·[39m[90mstdout[2m | test/extension.test.ts[2m > [22m[2mextension-activation[2m > [22m[2mdisposes output channel on deactivate when client was not created
[22m[39m[templjs] Extension activating...

[90mstderr[2m | test/extension.test.ts[2m > [22m[2mextension-activation[2m > [22m[2mdisposes output channel on deactivate when client was not created
[22m[39m[templjs] Failed to initialize language server: Error: broken path resolution
    at Object.asAbsolutePath [90m(/Users/macos/dev/templjs/src/extensions/vscode/[39mtest/extension.test.ts:1124:15[90m)[39m
    at initializeLanguageServer [90m(/Users/macos/dev/templjs/src/extensions/vscode/[39msrc/extension.ts:377:32[90m)[39m
    at Module.activate [90m(/Users/macos/dev/templjs/src/extensions/vscode/[39msrc/extension.ts:311:5[90m)[39m
    at [90m/Users/macos/dev/templjs/src/extensions/vscode/[39mtest/extension.test.ts:1129:12
[90m    at processTicksAndRejections (node:internal/process/task_queues:104:5)[39m
    at file:///Users/macos/dev/templjs/node_modules/[4m.pnpm[24m/@vitest+runner@4.0.18/node_modules/[4m@vitest/runner[24m/dist/index.js:915:20

[90mstdout[2m | test/extension.test.ts[2m > [22m[2mextension-activation[2m > [22m[2mthin-client: middleware passes results unchanged from language server without semantic transformation
[22m[39m[templjs] Extension activating...
[templjs] Language server initialized successfully

[33m[39m[32m·[39m[33m[39m[32m·[39m[33m[39m[32m·[39m[33m[39m[32m·[39m[33m[39m[32m·[39m

[2m Test Files [22m [1m[32m11 passed[39m[22m[90m (11)[39m
[2m      Tests [22m [1m[32m121 passed[39m[22m[90m (121)[39m
[2m   Start at [22m 15:55:12
[2m   Duration [22m 1.40s[2m (transform 4.23s, setup 0ms, import 4.31s, tests 4.27s, environment 10ms)[22m


> nx run @templjs/cli:test  [existing outputs match the cache, left as is]

(node:19209) Warning: The 'NO_COLOR' env is ignored due to the 'FORCE_COLOR' env being set.
(Use `node --trace-warnings ...` to show where the warning was created)
(node:19211) Warning: The 'NO_COLOR' env is ignored due to the 'FORCE_COLOR' env being set.
(Use `node --trace-warnings ...` to show where the warning was created)

> @templjs/cli@0.1.0 test /Users/macos/dev/templjs/src/packages/cli
> pnpm exec tsx ../../../scripts/ci/run-vitest-watchdog.ts --config vitest.config.ts

(node:19242) Warning: The 'NO_COLOR' env is ignored due to the 'FORCE_COLOR' env being set.
(Use `node --trace-warnings ...` to show where the warning was created)
(node:19253) Warning: The 'NO_COLOR' env is ignored due to the 'FORCE_COLOR' env being set.
(Use `node --trace-warnings ...` to show where the warning was created)
(node:19260) Warning: The 'NO_COLOR' env is ignored due to the 'FORCE_COLOR' env being set.
(Use `node --trace-warnings ...` to show where the warning was created)
(node:19260) Warning: The 'NO_COLOR' env is ignored due to the 'FORCE_COLOR' env being set.
(Use `node --trace-warnings ...` to show where the warning was created)
(node:19282) Warning: The 'NO_COLOR' env is ignored due to the 'FORCE_COLOR' env being set.
(Use `node --trace-warnings ...` to show where the warning was created)
(node:19305) Warning: The 'NO_COLOR' env is ignored due to the 'FORCE_COLOR' env being set.
(Use `node --trace-warnings ...` to show where the warning was created)

 RUN  v4.0.18 /Users/macos/dev/templjs/src/packages/cli

(node:19340) Warning: The 'NO_COLOR' env is ignored due to the 'FORCE_COLOR' env being set.
(Use `node --trace-warnings ...` to show where the warning was created)
(node:19336) Warning: The 'NO_COLOR' env is ignored due to the 'FORCE_COLOR' env being set.
(Use `node --trace-warnings ...` to show where the warning was created)
(node:19337) Warning: The 'NO_COLOR' env is ignored due to the 'FORCE_COLOR' env being set.
(Use `node --trace-warnings ...` to show where the warning was created)
(node:19339) Warning: The 'NO_COLOR' env is ignored due to the 'FORCE_COLOR' env being set.
(Use `node --trace-warnings ...` to show where the warning was created)
(node:19342) Warning: The 'NO_COLOR' env is ignored due to the 'FORCE_COLOR' env being set.
(Use `node --trace-warnings ...` to show where the warning was created)
(node:19343) Warning: The 'NO_COLOR' env is ignored due to the 'FORCE_COLOR' env being set.
(Use `node --trace-warnings ...` to show where the warning was created)
(node:19338) Warning: The 'NO_COLOR' env is ignored due to the 'FORCE_COLOR' env being set.
(Use `node --trace-warnings ...` to show where the warning was created)
(node:19341) Warning: The 'NO_COLOR' env is ignored due to the 'FORCE_COLOR' env being set.
(Use `node --trace-warnings ...` to show where the warning was created)
(node:19344) Warning: The 'NO_COLOR' env is ignored due to the 'FORCE_COLOR' env being set.
(Use `node --trace-warnings ...` to show where the warning was created)
··················································(node:19352) Warning: The 'NO_COLOR' env is ignored due to the 'FORCE_COLOR' env being set.
(Use `node --trace-warnings ...` to show where the warning was created)
····························································································(node:19354) Warning: The 'NO_COLOR' env is ignored due to the 'FORCE_COLOR' env being set.
(Use `node --trace-warnings ...` to show where the warning was created)
············(node:19355) Warning: The 'NO_COLOR' env is ignored due to the 'FORCE_COLOR' env being set.
(Use `node --trace-warnings ...` to show where the warning was created)
·······································(node:19356) Warning: The 'NO_COLOR' env is ignored due to the 'FORCE_COLOR' env being set.
(Use `node --trace-warnings ...` to show where the warning was created)
(node:19357) Warning: The 'NO_COLOR' env is ignored due to the 'FORCE_COLOR' env being set.
(Use `node --trace-warnings ...` to show where the warning was created)
··············································································································

 Test Files  14 passed (14)
      Tests  303 passed (303)
   Start at  13:33:19
   Duration  1.40s (transform 2.62s, setup 0ms, import 3.49s, tests 1.65s, environment 2ms)


> nx run @templjs/language-service:test


> @templjs/language-service@0.1.0 test /Users/macos/dev/templjs/src/packages/language-service
> pnpm exec tsx ../../../scripts/ci/run-vitest-watchdog.ts --config vitest.config.ts


[1m[46m RUN [49m[22m [36mv4.0.18 [39m[90m/Users/macos/dev/templjs/src/packages/language-service[39m

[33m[39m[32m·[39m[33m[39m[32m·[39m[33m[39m[32m·[39m[33m[39m[32m·[39m[33m[39m[32m·[39m[33m[39m[32m·[39m[33m[39m[32m·[39m[33m[39m[32m·[39m[33m[39m[32m·[39m[33m[39m[32m·[39m[33m[39m[32m·[39m[33m[39m[32m·[39m[33m[39m[32m·[39m[33m[39m[32m·[39m[33m[39m[32m·[39m[33m[39m[32m·[39m[33m[39m[32m·[39m[33m[39m[31mx[39m[33m[39m[32m·[39m[33m[39m[32m·[39m[33m[39m[32m·[39m[33m[39m[32m·[39m[33m[39m[32m·[39m[33m[39m[32m·[39m[33m[39m[32m·[39m[33m[39m[32m·[39m[33m[39m[32m·[39m[33m[39m[32m·[39m[33m[39m[32m·[39m[33m[39m[32m·[39m[33m[39m[32m·[39m[33m[39m[32m·[39m[33m[39m[32m·[39m[33m[39m[32m·[39m[33m[39m[32m·[39m[33m[39m[32m·[39m[33m[39m[32m·[39m[33m[39m[32m·[39m[33m[39m[32m·[39m[33m[39m[32m·[39m[33m[39m[32m·[39m[33m[39m[32m·[39m[33m[39m[32m·[39m[33m[39m[32m·[39m[33m[39m[32m·[39m[33m[39m[32m·[39m[33m[39m[32m·[39m[33m[39m[32m·[39m[33m[39m[32m·[39m[33m[39m[32m·[39m[33m[39m[32m·[39m[33m[39m[32m·[39m[33m[39m[32m·[39m[33m[39m[32m·[39m[33m[39m[32m·[39m[33m[39m[32m·[39m[33m[39m[32m·[39m[33m[39m[32m·[39m[33m[39m[32m·[39m[33m[39m[32m·[39m[33m[39m[32m·[39m[33m[39m[32m·[39m[33m[39m[32m·[39m[33m[39m[32m·[39m[33m[39m[32m·[39m[33m[39m[32m·[39m[33m[39m[32m·[39m[33m[39m[32m·[39m[33m[39m[32m·[39m[33m[39m[32m·[39m[33m[39m[32m·[39m[33m[39m[32m·[39m[33m[39m[32m·[39m[33m[39m[32m·[39m[33m[39m[32m·[39m[33m[39m[32m·[39m[33m[39m[32m·[39m[33m[39m[32m·[39m[33m[39m[32m·[39m[33m[39m[32m·[39m[33m[39m[32m·[39m[33m[39m[32m·[39m[33m[39m[32m·[39m[33m[39m[32m·[39m[33m[39m[32m·[39m[33m[39m[32m·[39m[33m[39m[32m·[39m[33m[39m[32m·[39m[33m[39m[32m·[39m[33m[39m[32m·[39m[33m[39m[32m·[39m[33m[39m[32m·[39m[33m[39m[32m·[39m[33m[39m[32m·[39m[33m[39m[32m·[39m[33m[39m[32m·[39m[33m[39m[32m·[39m[33m[39m[32m·[39m[33m[39m[32m·[39m[33m[39m[32m·[39m[33m[39m[32m·[39m[33m[39m[32m·[39m[33m[39m[32m·[39m[33m[39m[32m·[39m[33m[39m[32m·[39m[33m[39m[32m·[39m[33m[39m[32m·[39m[33m[39m[32m·[39m[33m[39m[32m·[39m[33m[39m[32m·[39m[33m[39m[32m·[39m[33m[39m[32m·[39m[33m[39m[32m·[39m[33m[39m[32m·[39m[33m[39m[32m·[39m[33m[39m[32m·[39m[33m[39m[32m·[39m[33m[39m[32m·[39m[33m[39m[32m·[39m[33m[39m[32m·[39m[33m[39m[32m·[39m[33m[39m[32m·[39m[33m[39m[32m·[39m[33m[39m[32m·[39m[33m[39m[32m·[39m[33m[39m[32m·[39m[33m[39m[32m·[39m[33m[39m[32m·[39m[33m[39m[32m·[39m[33m[39m[32m·[39m[33m[39m[32m·[39m[33m[39m[32m·[39m[33m[39m[32m·[39m[33m[39m[32m·[39m[33m[39m[32m·[39m[33m[39m[32m·[39m

[31m⎯⎯⎯⎯⎯⎯⎯[39m[1m[41m Failed Tests 1 [49m[22m[31m⎯⎯⎯⎯⎯⎯⎯[39m

[41m[1m FAIL [22m[49m test/hover-range-remapping.test.ts[2m > [22mhover range remapping[2m > [22mremaps hover range for yaml adapter
[31m[1mAssertionError[22m: expected false to be true // Object.is equality[39m

[32m- Expected[39m
[31m+ Received[39m

[32m- true[39m
[31m+ false[39m

[36m [2m❯[22m test/hover-range-remapping.test.ts:[2m77:26[22m[39m
    [90m 75| [39m      const isRemapped = result.range.start.character !== 6 || result.…
    [90m 76| [39m
    [90m 77| [39m      [34mexpect[39m(isRemapped)[33m.[39m[34mtoBe[39m([35mtrue[39m)[33m;[39m
    [90m   | [39m                         [31m^[39m
    [90m 78| [39m      expect(result.range.start.character).toBeGreaterThanOrEqual(sour…
    [90m 79| [39m    } [35melse[39m {

[31m[2m⎯⎯⎯⎯⎯⎯⎯⎯⎯⎯⎯⎯⎯⎯⎯⎯⎯⎯⎯⎯⎯⎯⎯⎯[1/1]⎯[22m[39m


[2m Test Files [22m [1m[31m1 failed[39m[22m[2m | [22m[1m[32m8 passed[39m[22m[90m (9)[39m
[2m      Tests [22m [1m[31m1 failed[39m[22m[2m | [22m[1m[32m135 passed[39m[22m[90m (136)[39m
[2m   Start at [22m 15:59:03
[2m   Duration [22m 1.15s[2m (transform 3.24s, setup 0ms, import 3.69s, tests 2.60s, environment 1ms)[22m




 NX   Running target test for 9 projects failed

Failed tasks:

- @templjs/language-service:test

